// Jest Snapshot v1, https://goo.gl/fbAQLP

exports[`<Main> should render correctly 1`] = `
<div>
  <main>
    <h1>
      Hi, Main!
    </h1>
  </main>
</div>
`;
